2026-09-15T04:13:12.290241+00:00 ip-172-31-12-224 useradd[632]: new group: name=ubuntu, GID=1000
2026-09-15T04:13:12.290246+00:00 ip-172-31-12-224 useradd[632]: new user: name=ubuntu, UID=1000, GID=1000, home=/home/ubuntu, shell=/bin/bash, from=none
2026-09-15T04:13:12.290251+00:00 ip-172-31-12-224 useradd[632]: add 'ubuntu' to group 'adm'
2026-09-15T04:13:12.290260+00:00 ip-172-31-12-224 useradd[632]: add 'ubuntu' to group 'cdrom'
2026-09-15T04:13:12.290264+00:00 ip-172-31-12-224 useradd[632]: add 'ubuntu' to group 'sudo'
2026-09-15T04:13:12.290268+00:00 ip-172-31-12-224 useradd[632]: add 'ubuntu' to group 'dip'
2026-09-15T04:13:12.290271+00:00 ip-172-31-12-224 useradd[632]: add 'ubuntu' to group 'lxd'
2026-09-15T04:13:12.290276+00:00 ip-172-31-12-224 useradd[632]: add 'ubuntu' to shadow group 'adm'
2026-09-15T04:13:12.290280+00:00 ip-172-31-12-224 useradd[632]: add 'ubuntu' to shadow group 'cdrom'
2026-09-15T04:13:12.290289+00:00 ip-172-31-12-224 useradd[632]: add 'ubuntu' to shadow group 'sudo'
2026-09-15T04:13:12.290293+00:00 ip-172-31-12-224 useradd[632]: add 'ubuntu' to shadow group 'dip'
2026-09-15T04:13:12.290297+00:00 ip-172-31-12-224 useradd[632]: add 'ubuntu' to shadow group 'lxd'
2026-09-15T04:13:12.290302+00:00 ip-172-31-12-224 passwd[638]: password for 'ubuntu' changed by 'root'
2026-09-15T04:13:12.294446+00:00 ip-172-31-12-224 systemd-logind[670]: New seat seat0.
2026-09-15T04:13:12.294460+00:00 ip-172-31-12-224 systemd-logind[670]: Watching system buttons on /dev/input/event0 (Power Button)
2026-09-15T04:13:12.294469+00:00 ip-172-31-12-224 systemd-logind[670]: Watching system buttons on /dev/input/event1 (Sleep Button)
2026-09-15T04:13:12.294474+00:00 ip-172-31-12-224 systemd-logind[670]: Watching system buttons on /dev/input/event2 (AT Translated Set 2 keyboard)
2026-09-15T04:13:14.022348+00:00 ip-172-31-12-224 sshd[1081]: Server listening on 0.0.0.0 port 22.
2026-09-15T04:13:14.022599+00:00 ip-172-31-12-224 sshd[1081]: Server listening on :: port 22.
2026-09-15T04:13:27.350496+00:00 ip-172-31-12-224 ec2-instance-connect[1246]: Querying EC2 Instance Connect keys for matching fingerprint: SHA256:WM49Am3/KCZlV7uSeVKtgNX4YvzSGTyAJNITxXaE7pE
2026-09-15T04:13:27.413494+00:00 ip-172-31-12-224 ec2-instance-connect[1278]: Providing ssh key from EC2 Instance Connect with fingerprint: SHA256:WM49Am3/KCZlV7uSeVKtgNX4YvzSGTyAJNITxXaE7pE, request-id: c5b08a95-b6ec-4e6e-9125-709be7c2c42d, for IAM principal: arn:aws:iam::974767851146:root
2026-09-15T04:13:27.913705+00:00 ip-172-31-12-224 ec2-instance-connect[1395]: Querying EC2 Instance Connect keys for matching fingerprint: SHA256:WM49Am3/KCZlV7uSeVKtgNX4YvzSGTyAJNITxXaE7pE
2026-09-15T04:13:27.979835+00:00 ip-172-31-12-224 ec2-instance-connect[1427]: Providing ssh key from EC2 Instance Connect with fingerprint: SHA256:WM49Am3/KCZlV7uSeVKtgNX4YvzSGTyAJNITxXaE7pE, request-id: c5b08a95-b6ec-4e6e-9125-709be7c2c42d, for IAM principal: arn:aws:iam::974767851146:root
2026-09-15T04:13:28.051231+00:00 ip-172-31-12-224 sshd-session[1137]: Accepted publickey for ubuntu from 13.233.177.4 port 50288 ssh2: ED25519 SHA256:WM49Am3/KCZlV7uSeVKtgNX4YvzSGTyAJNITxXaE7pE
2026-09-15T04:13:28.053728+00:00 ip-172-31-12-224 sshd-session[1137]: pam_unix(sshd:session): session opened for user ubuntu(uid=1000) by ubuntu(uid=0)
2026-09-15T04:13:28.076682+00:00 ip-172-31-12-224 systemd-logind[670]: New session '1' of user 'ubuntu' with class 'user' and type 'tty'.
2026-09-15T04:13:28.105858+00:00 ip-172-31-12-224 (systemd): pam_unix(systemd-user:session): session opened for user ubuntu(uid=1000) by ubuntu(uid=0)
2026-09-15T04:13:28.107118+00:00 ip-172-31-12-224 systemd-logind[670]: New session '2' of user 'ubuntu' with class 'manager' and type 'unspecified'.
2026-09-15T04:13:34.026156+00:00 ip-172-31-12-224 sudo: pam_unix(sudo-i:session): session opened for user root(uid=0) by ubuntu(uid=1000)
2026-09-15T04:13:34.027174+00:00 ip-172-31-12-224 sudo: ubuntu : TTY=/dev/pts/0 ; PWD=/home/ubuntu ; USER=root ; COMMAND=/usr/bin/bash 
2026-09-15T04:17:01.235697+00:00 ip-172-31-12-224 CRON[1712]: pam_unix(cron:session): session opened for user root(uid=0) by root(uid=0)
2026-09-15T04:17:01.239675+00:00 ip-172-31-12-224 CRON[1712]: pam_unix(cron:session): session closed for user root
2026-09-15T04:18:58.776070+00:00 ip-172-31-12-224 sshd-session[1771]: Connection closed by 167.250.222.35 port 52384
2026-09-15T04:19:15.623132+00:00 ip-172-31-12-224 sshd-session[1772]: Connection closed by 167.250.222.35 port 59276
2026-09-15T04:21:48.149963+00:00 ip-172-31-12-224 sshd-session[2083]: Connection closed by 73.142.231.64 port 55443
2026-09-15T04:23:51.969972+00:00 ip-172-31-12-224 sshd-session[2098]: Connection closed by 73.142.231.64 port 41798
2026-09-15T04:30:01.632036+00:00 ip-172-31-12-224 sshd-session[1553]: Connection closed by 13.233.177.4 port 50288
2026-09-15T04:30:01.637756+00:00 ip-172-31-12-224 sshd-session[1137]: syslogin_perform_logout: logout() returned an error
2026-09-15T04:30:01.644725+00:00 ip-172-31-12-224 sshd-session[1137]: pam_unix(sshd:session): session closed for user ubuntu
2026-09-15T04:30:01.645240+00:00 ip-172-31-12-224 sudo: pam_unix(sudo-i:session): session closed for user root
2026-09-15T04:30:01.661586+00:00 ip-172-31-12-224 systemd-logind[670]: Session 1 logged out. Waiting for processes to exit.
2026-09-15T04:30:01.680672+00:00 ip-172-31-12-224 systemd-logind[670]: Removed session 1.
2026-09-15T04:30:05.954044+00:00 ip-172-31-12-224 ec2-instance-connect[2315]: Querying EC2 Instance Connect keys for matching fingerprint: SHA256:WAjkIcLINOMVo5WcCbc3QpGrYw+59HXEbGPxxv0pOcI
2026-09-15T04:30:06.019271+00:00 ip-172-31-12-224 ec2-instance-connect[2347]: Providing ssh key from EC2 Instance Connect with fingerprint: SHA256:WAjkIcLINOMVo5WcCbc3QpGrYw+59HXEbGPxxv0pOcI, request-id: c73e17e5-4fdf-4a0e-ac11-3b29be4a7a30, for IAM principal: arn:aws:iam::974767851146:root
2026-09-15T04:30:06.639555+00:00 ip-172-31-12-224 ec2-instance-connect[2464]: Querying EC2 Instance Connect keys for matching fingerprint: SHA256:WAjkIcLINOMVo5WcCbc3QpGrYw+59HXEbGPxxv0pOcI
2026-09-15T04:30:06.711979+00:00 ip-172-31-12-224 ec2-instance-connect[2496]: Providing ssh key from EC2 Instance Connect with fingerprint: SHA256:WAjkIcLINOMVo5WcCbc3QpGrYw+59HXEbGPxxv0pOcI, request-id: c73e17e5-4fdf-4a0e-ac11-3b29be4a7a30, for IAM principal: arn:aws:iam::974767851146:root
2026-09-15T04:30:06.764525+00:00 ip-172-31-12-224 sshd-session[2206]: Accepted publickey for ubuntu from 13.233.177.4 port 22577 ssh2: ED25519 SHA256:WAjkIcLINOMVo5WcCbc3QpGrYw+59HXEbGPxxv0pOcI
2026-09-15T04:30:06.766139+00:00 ip-172-31-12-224 sshd-session[2206]: pam_unix(sshd:session): session opened for user ubuntu(uid=1000) by ubuntu(uid=0)
2026-09-15T04:30:06.771200+00:00 ip-172-31-12-224 systemd-logind[670]: New session '4' of user 'ubuntu' with class 'user' and type 'tty'.
2026-09-15T04:31:45.333556+00:00 ip-172-31-12-224 sudo: pam_unix(sudo-i:session): session opened for user root(uid=0) by ubuntu(uid=1000)
2026-09-15T04:31:45.334307+00:00 ip-172-31-12-224 sudo: ubuntu : TTY=/dev/pts/0 ; PWD=/var ; USER=root ; COMMAND=/usr/bin/bash 
