Cloud-init v. 26.1-0ubuntu2 running 'init-local' at Tue, 15 Sep 2026 04:13:07 +0000. Up 9.52 seconds.
Cloud-init v. 26.1-0ubuntu2 running 'init' at Tue, 15 Sep 2026 04:13:10 +0000. Up 12.65 seconds.
ci-info: +++++++++++++++++++++++++++Net device info++++++++++++++++++++++++++++
ci-info: +--------+-------+-----------+-----------+-------+-------------------+
ci-info: | Device |   Up  |  Address  |    Mask   | Scope |     Hw-Address    |
ci-info: +--------+-------+-----------+-----------+-------+-------------------+
ci-info: |  ens5  | False |     .     |     .     |   .   | 0a:ff:da:7a:f5:a7 |
ci-info: |   lo   |  True | 127.0.0.1 | 255.0.0.0 |  host |         .         |
ci-info: |   lo   |  True |  ::1/128  |     .     |  host |         .         |
ci-info: +--------+-------+-----------+-----------+-------+-------------------+
ci-info: +++++++++++++++++++Route IPv6 info+++++++++++++++++++
ci-info: +-------+-------------+---------+-----------+-------+
ci-info: | Route | Destination | Gateway | Interface | Flags |
ci-info: +-------+-------------+---------+-----------+-------+
ci-info: +-------+-------------+---------+-----------+-------+
Cloud-init v. 26.1-0ubuntu2 running 'modules:config' at Tue, 15 Sep 2026 04:13:13 +0000. Up 14.84 seconds.
Cloud-init v. 26.1-0ubuntu2 running 'modules:final' at Tue, 15 Sep 2026 04:13:15 +0000. Up 17.59 seconds.
Cloud-init v. 26.1-0ubuntu2 finished at Tue, 15 Sep 2026 04:13:15 +0000. Datasource DataSourceEc2Local.  Up 17.77 seconds
Generating public/private rsa key pair.
Your identification has been saved in /etc/ssh/ssh_host_rsa_key
Your public key has been saved in /etc/ssh/ssh_host_rsa_key.pub
The key fingerprint is:
SHA256:qRLR84PAdopBMftue90e+UVVZ2sm/pA/e1pLdxOZhKg root@ip-172-31-12-224
The key's randomart image is:
+---[RSA 3072]----+
|  +.            +|
| . + .      . ..+|
|  o = +    . o =.|
|   = = + .. . *.o|
|  . + . SE   +.+ |
|   . . . . . .+ .|
|    + .. .o   .*+|
|   . o. . .o ...O|
|    ..   .. . .+.|
+----[SHA256]-----+
Generating public/private ecdsa key pair.
Your identification has been saved in /etc/ssh/ssh_host_ecdsa_key
Your public key has been saved in /etc/ssh/ssh_host_ecdsa_key.pub
The key fingerprint is:
SHA256:uelOeVzhgewc0ELIFJyvn5xV9cGpv5OJwcogkyOI/N0 root@ip-172-31-12-224
The key's randomart image is:
+---[ECDSA 256]---+
|     +o=o.    . .|
|      = .o..  .+ |
|       . .+ o....|
|        .+ o.+  .|
|. . .  .S o.+ .  |
| o . ..= *.. o . |
|  . . ooO+= . o +|
|   . . E=. o . = |
|       .o       .|
+----[SHA256]-----+
Generating public/private ed25519 key pair.
Your identification has been saved in /etc/ssh/ssh_host_ed25519_key
Your public key has been saved in /etc/ssh/ssh_host_ed25519_key.pub
The key fingerprint is:
SHA256:kfuZxtDVKW4GrRuTjpoUnVbI7+9X7Af3R2aVpPIVdNc root@ip-172-31-12-224
The key's randomart image is:
+--[ED25519 256]--+
|              ..+|
|       . o . . +E|
|        = o + = o|
|       . B B o o.|
|      . S B * ...|
|       o B O .. B|
|      . . X    O.|
|     . o . .  . =|
|      o    .o.  o|
+----[SHA256]-----+
