2026-06-04 05:42:20 startup archives unpack
2026-06-04 05:42:20 install efibootmgr:amd64 <none> 18-4ubuntu1
2026-06-04 05:42:20 status half-installed efibootmgr:amd64 18-4ubuntu1
2026-06-04 05:42:20 status triggers-pending man-db:amd64 2.13.1-1build1
2026-06-04 05:42:20 status unpacked efibootmgr:amd64 18-4ubuntu1
2026-06-04 05:42:20 install grub-efi-amd64-unsigned:amd64 <none> 2.14-2ubuntu1
2026-06-04 05:42:20 status half-installed grub-efi-amd64-unsigned:amd64 2.14-2ubuntu1
2026-06-04 05:42:20 status unpacked grub-efi-amd64-unsigned:amd64 2.14-2ubuntu1
2026-06-04 05:42:20 install grub-efi-amd64-bin:amd64 <none> 2.14-2ubuntu1
2026-06-04 05:42:20 status half-installed grub-efi-amd64-bin:amd64 2.14-2ubuntu1
2026-06-04 05:42:21 status unpacked grub-efi-amd64-bin:amd64 2.14-2ubuntu1
2026-06-04 05:42:21 install grub-efi-amd64-signed:amd64 <none> 1.215+2.14-2ubuntu1
2026-06-04 05:42:21 status half-installed grub-efi-amd64-signed:amd64 1.215+2.14-2ubuntu1
2026-06-04 05:42:21 status unpacked grub-efi-amd64-signed:amd64 1.215+2.14-2ubuntu1
2026-06-04 05:42:21 install mokutil:amd64 <none> 0.7.2-2
2026-06-04 05:42:21 status half-installed mokutil:amd64 0.7.2-2
2026-06-04 05:42:21 status unpacked mokutil:amd64 0.7.2-2
2026-06-04 05:42:21 install shim-signed:amd64 <none> 1.59+15.8-0ubuntu2
2026-06-04 05:42:21 status half-installed shim-signed:amd64 1.59+15.8-0ubuntu2
2026-06-04 05:42:21 status unpacked shim-signed:amd64 1.59+15.8-0ubuntu2
2026-06-04 05:42:21 startup packages configure
2026-06-04 05:42:21 configure efibootmgr:amd64 18-4ubuntu1 <none>
2026-06-04 05:42:21 status unpacked efibootmgr:amd64 18-4ubuntu1
2026-06-04 05:42:21 status half-configured efibootmgr:amd64 18-4ubuntu1
2026-06-04 05:42:21 status installed efibootmgr:amd64 18-4ubuntu1
2026-06-04 05:42:21 configure mokutil:amd64 0.7.2-2 <none>
2026-06-04 05:42:21 status unpacked mokutil:amd64 0.7.2-2
2026-06-04 05:42:21 status half-configured mokutil:amd64 0.7.2-2
2026-06-04 05:42:21 status installed mokutil:amd64 0.7.2-2
2026-06-04 05:42:21 configure grub-efi-amd64-unsigned:amd64 2.14-2ubuntu1 <none>
2026-06-04 05:42:21 status unpacked grub-efi-amd64-unsigned:amd64 2.14-2ubuntu1
2026-06-04 05:42:21 status half-configured grub-efi-amd64-unsigned:amd64 2.14-2ubuntu1
2026-06-04 05:42:21 status installed grub-efi-amd64-unsigned:amd64 2.14-2ubuntu1
2026-06-04 05:42:21 configure grub-efi-amd64-bin:amd64 2.14-2ubuntu1 <none>
2026-06-04 05:42:21 status unpacked grub-efi-amd64-bin:amd64 2.14-2ubuntu1
2026-06-04 05:42:21 status half-configured grub-efi-amd64-bin:amd64 2.14-2ubuntu1
2026-06-04 05:42:21 status installed grub-efi-amd64-bin:amd64 2.14-2ubuntu1
2026-06-04 05:42:21 configure grub-efi-amd64-signed:amd64 1.215+2.14-2ubuntu1 <none>
2026-06-04 05:42:21 status unpacked grub-efi-amd64-signed:amd64 1.215+2.14-2ubuntu1
2026-06-04 05:42:21 status half-configured grub-efi-amd64-signed:amd64 1.215+2.14-2ubuntu1
2026-06-04 05:42:21 status installed grub-efi-amd64-signed:amd64 1.215+2.14-2ubuntu1
2026-06-04 05:42:21 configure shim-signed:amd64 1.59+15.8-0ubuntu2 <none>
2026-06-04 05:42:21 status unpacked shim-signed:amd64 1.59+15.8-0ubuntu2
2026-06-04 05:42:21 status half-configured shim-signed:amd64 1.59+15.8-0ubuntu2
2026-06-04 05:42:21 status installed shim-signed:amd64 1.59+15.8-0ubuntu2
2026-06-04 05:42:21 trigproc man-db:amd64 2.13.1-1build1 <none>
2026-06-04 05:42:21 status half-configured man-db:amd64 2.13.1-1build1
2026-06-04 05:42:22 status installed man-db:amd64 2.13.1-1build1
2026-06-04 05:46:32 startup packages remove
2026-06-04 05:46:32 status installed libc6-dev:amd64 2.43-2ubuntu2
2026-06-04 05:46:32 remove libc6-dev:amd64 2.43-2ubuntu2 <none>
2026-06-04 05:46:32 status half-configured libc6-dev:amd64 2.43-2ubuntu2
2026-06-04 05:46:32 status half-installed libc6-dev:amd64 2.43-2ubuntu2
2026-06-04 05:46:32 status config-files libc6-dev:amd64 2.43-2ubuntu2
2026-06-04 05:46:32 status not-installed libc6-dev:amd64 <none>
2026-06-04 05:46:32 status installed linux-virtual:amd64 7.0.0-22.22
2026-06-04 05:46:32 remove linux-virtual:amd64 7.0.0-22.22 <none>
2026-06-04 05:46:32 status half-configured linux-virtual:amd64 7.0.0-22.22
2026-06-04 05:46:32 status half-installed linux-virtual:amd64 7.0.0-22.22
2026-06-04 05:46:32 status config-files linux-virtual:amd64 7.0.0-22.22
2026-06-04 05:46:32 status not-installed linux-virtual:amd64 <none>
2026-06-04 05:46:32 status installed linux-headers-virtual:amd64 7.0.0-22.22
2026-06-04 05:46:32 remove linux-headers-virtual:amd64 7.0.0-22.22 <none>
2026-06-04 05:46:32 status half-configured linux-headers-virtual:amd64 7.0.0-22.22
2026-06-04 05:46:32 status half-installed linux-headers-virtual:amd64 7.0.0-22.22
2026-06-04 05:46:32 status config-files linux-headers-virtual:amd64 7.0.0-22.22
2026-06-04 05:46:32 status not-installed linux-headers-virtual:amd64 <none>
2026-06-04 05:46:32 status installed linux-headers-generic:amd64 7.0.0-22.22
2026-06-04 05:46:32 remove linux-headers-generic:amd64 7.0.0-22.22 <none>
2026-06-04 05:46:32 status half-configured linux-headers-generic:amd64 7.0.0-22.22
2026-06-04 05:46:32 status half-installed linux-headers-generic:amd64 7.0.0-22.22
2026-06-04 05:46:32 status config-files linux-headers-generic:amd64 7.0.0-22.22
2026-06-04 05:46:32 status not-installed linux-headers-generic:amd64 <none>
2026-06-04 05:46:32 status installed linux-headers-7.0.0-22-generic:amd64 7.0.0-22.22
2026-06-04 05:46:32 remove linux-headers-7.0.0-22-generic:amd64 7.0.0-22.22 <none>
2026-06-04 05:46:32 status half-configured linux-headers-7.0.0-22-generic:amd64 7.0.0-22.22
2026-06-04 05:46:32 status half-installed linux-headers-7.0.0-22-generic:amd64 7.0.0-22.22
2026-06-04 05:46:33 status config-files linux-headers-7.0.0-22-generic:amd64 7.0.0-22.22
2026-06-04 05:46:33 status not-installed linux-headers-7.0.0-22-generic:amd64 <none>
2026-06-04 05:46:33 status installed linux-headers-7.0.0-22:all 7.0.0-22.22
2026-06-04 05:46:33 remove linux-headers-7.0.0-22:all 7.0.0-22.22 <none>
2026-06-04 05:46:33 status half-configured linux-headers-7.0.0-22:all 7.0.0-22.22
2026-06-04 05:46:33 status half-installed linux-headers-7.0.0-22:all 7.0.0-22.22
2026-06-04 05:46:34 status config-files linux-headers-7.0.0-22:all 7.0.0-22.22
2026-06-04 05:46:34 status not-installed linux-headers-7.0.0-22:all <none>
2026-06-04 05:46:34 status installed linux-main-modules-zfs-7.0.0-22-generic:amd64 7.0.0-22.22
2026-06-04 05:46:34 status installed linux-image-7.0.0-22-generic:amd64 7.0.0-22.22
2026-06-04 05:46:34 status installed linux-modules-7.0.0-22-generic:amd64 7.0.0-22.22
2026-06-04 05:46:34 status installed linux-image-virtual:amd64 7.0.0-22.22
2026-06-04 05:46:34 remove linux-image-virtual:amd64 7.0.0-22.22 <none>
2026-06-04 05:46:34 status half-configured linux-image-virtual:amd64 7.0.0-22.22
2026-06-04 05:46:34 status half-installed linux-image-virtual:amd64 7.0.0-22.22
2026-06-04 05:46:34 status config-files linux-image-virtual:amd64 7.0.0-22.22
2026-06-04 05:46:34 status not-installed linux-image-virtual:amd64 <none>
2026-06-04 05:46:34 status installed linux-libc-dev:amd64 7.0.0-22.22
2026-06-04 05:46:34 remove linux-libc-dev:amd64 7.0.0-22.22 <none>
2026-06-04 05:46:34 status half-configured linux-libc-dev:amd64 7.0.0-22.22
2026-06-04 05:46:34 status half-installed linux-libc-dev:amd64 7.0.0-22.22
2026-06-04 05:46:34 status config-files linux-libc-dev:amd64 7.0.0-22.22
2026-06-04 05:46:34 status not-installed linux-libc-dev:amd64 <none>
2026-06-04 05:46:34 status installed linux-perf:amd64 7.0.0-22.22
2026-06-04 05:46:34 remove linux-perf:amd64 7.0.0-22.22 <none>
2026-06-04 05:46:34 status half-configured linux-perf:amd64 7.0.0-22.22
2026-06-04 05:46:34 status half-installed linux-perf:amd64 7.0.0-22.22
2026-06-04 05:46:34 status triggers-pending man-db:amd64 2.13.1-1build1
2026-06-04 05:46:34 status config-files linux-perf:amd64 7.0.0-22.22
2026-06-04 05:46:34 status not-installed linux-perf:amd64 <none>
2026-06-04 05:46:34 status installed linux-sysctl-defaults:all 4.15ubuntu5
2026-06-04 05:46:34 remove linux-sysctl-defaults:all 4.15ubuntu5 <none>
2026-06-04 05:46:34 status half-configured linux-sysctl-defaults:all 4.15ubuntu5
2026-06-04 05:46:34 status half-installed linux-sysctl-defaults:all 4.15ubuntu5
2026-06-04 05:46:34 status triggers-pending systemd:amd64 259.5-0ubuntu3
2026-06-04 05:46:34 status triggers-pending procps:amd64 2:4.0.4-9ubuntu1
2026-06-04 05:46:34 status config-files linux-sysctl-defaults:all 4.15ubuntu5
2026-06-04 05:46:34 status not-installed linux-sysctl-defaults:all <none>
2026-06-04 05:46:34 status installed linux-tools-7.0.0-22-generic:amd64 7.0.0-22.22
2026-06-04 05:46:34 remove linux-tools-7.0.0-22-generic:amd64 7.0.0-22.22 <none>
2026-06-04 05:46:34 status half-configured linux-tools-7.0.0-22-generic:amd64 7.0.0-22.22
2026-06-04 05:46:34 status half-installed linux-tools-7.0.0-22-generic:amd64 7.0.0-22.22
2026-06-04 05:46:34 status config-files linux-tools-7.0.0-22-generic:amd64 7.0.0-22.22
2026-06-04 05:46:34 status not-installed linux-tools-7.0.0-22-generic:amd64 <none>
2026-06-04 05:46:34 status installed linux-tools-7.0.0-22:amd64 7.0.0-22.22
2026-06-04 05:46:34 remove linux-tools-7.0.0-22:amd64 7.0.0-22.22 <none>
2026-06-04 05:46:34 status half-configured linux-tools-7.0.0-22:amd64 7.0.0-22.22
2026-06-04 05:46:34 status half-installed linux-tools-7.0.0-22:amd64 7.0.0-22.22
2026-06-04 05:46:34 status config-files linux-tools-7.0.0-22:amd64 7.0.0-22.22
2026-06-04 05:46:34 status not-installed linux-tools-7.0.0-22:amd64 <none>
2026-06-04 05:46:34 status installed linux-tools-common:all 7.0.0-22.22
2026-06-04 05:46:34 remove linux-tools-common:all 7.0.0-22.22 <none>
2026-06-04 05:46:34 status half-configured linux-tools-common:all 7.0.0-22.22
2026-06-04 05:46:34 status half-installed linux-tools-common:all 7.0.0-22.22
2026-06-04 05:46:34 status config-files linux-tools-common:all 7.0.0-22.22
2026-06-04 05:46:34 status not-installed linux-tools-common:all <none>
2026-06-04 05:46:34 remove linux-main-modules-zfs-7.0.0-22-generic:amd64 7.0.0-22.22 <none>
2026-06-04 05:46:34 status half-configured linux-main-modules-zfs-7.0.0-22-generic:amd64 7.0.0-22.22
2026-06-04 05:46:34 status half-installed linux-main-modules-zfs-7.0.0-22-generic:amd64 7.0.0-22.22
2026-06-04 05:46:37 status config-files linux-main-modules-zfs-7.0.0-22-generic:amd64 7.0.0-22.22
2026-06-04 05:46:37 remove linux-image-7.0.0-22-generic:amd64 7.0.0-22.22 <none>
2026-06-04 05:46:37 status half-configured linux-image-7.0.0-22-generic:amd64 7.0.0-22.22
2026-06-04 05:46:37 status half-installed linux-image-7.0.0-22-generic:amd64 7.0.0-22.22
2026-06-04 05:46:38 status config-files linux-image-7.0.0-22-generic:amd64 7.0.0-22.22
2026-06-04 05:46:38 remove linux-modules-7.0.0-22-generic:amd64 7.0.0-22.22 <none>
2026-06-04 05:46:38 status half-configured linux-modules-7.0.0-22-generic:amd64 7.0.0-22.22
2026-06-04 05:46:38 status half-installed linux-modules-7.0.0-22-generic:amd64 7.0.0-22.22
2026-06-04 05:46:38 status config-files linux-modules-7.0.0-22-generic:amd64 7.0.0-22.22
2026-06-04 05:46:38 startup packages configure
2026-06-04 05:46:38 trigproc man-db:amd64 2.13.1-1build1 <none>
2026-06-04 05:46:38 status half-configured man-db:amd64 2.13.1-1build1
2026-06-04 05:46:39 status installed man-db:amd64 2.13.1-1build1
2026-06-04 05:46:39 trigproc procps:amd64 2:4.0.4-9ubuntu1 <none>
2026-06-04 05:46:39 status half-configured procps:amd64 2:4.0.4-9ubuntu1
2026-06-04 05:46:39 status installed procps:amd64 2:4.0.4-9ubuntu1
2026-06-04 05:46:39 trigproc systemd:amd64 259.5-0ubuntu3 <none>
2026-06-04 05:46:39 status half-configured systemd:amd64 259.5-0ubuntu3
2026-06-04 05:46:39 status installed systemd:amd64 259.5-0ubuntu3
2026-06-04 05:46:39 startup packages purge
2026-06-04 05:46:39 purge linux-modules-7.0.0-22-generic:amd64 7.0.0-22.22 <none>
2026-06-04 05:46:39 status config-files linux-modules-7.0.0-22-generic:amd64 7.0.0-22.22
2026-06-04 05:46:39 status not-installed linux-modules-7.0.0-22-generic:amd64 <none>
2026-06-04 05:46:39 purge linux-main-modules-zfs-7.0.0-22-generic:amd64 7.0.0-22.22 <none>
2026-06-04 05:46:39 status config-files linux-main-modules-zfs-7.0.0-22-generic:amd64 7.0.0-22.22
2026-06-04 05:46:39 status not-installed linux-main-modules-zfs-7.0.0-22-generic:amd64 <none>
2026-06-04 05:46:39 purge linux-image-7.0.0-22-generic:amd64 7.0.0-22.22 <none>
2026-06-04 05:46:39 status config-files linux-image-7.0.0-22-generic:amd64 7.0.0-22.22
2026-06-04 05:46:39 status not-installed linux-image-7.0.0-22-generic:amd64 <none>
2026-06-04 05:46:39 startup packages configure
2026-06-04 05:53:37 startup archives unpack
2026-06-04 05:53:37 install iucode-tool:amd64 <none> 2.3.1-3build2
2026-06-04 05:53:37 status half-installed iucode-tool:amd64 2.3.1-3build2
2026-06-04 05:53:37 status triggers-pending man-db:amd64 2.13.1-1build1
2026-06-04 05:53:37 status unpacked iucode-tool:amd64 2.3.1-3build2
2026-06-04 05:53:37 install linux-modules-7.0.0-1006-aws:amd64 <none> 7.0.0-1006.6
2026-06-04 05:53:37 status half-installed linux-modules-7.0.0-1006-aws:amd64 7.0.0-1006.6
2026-06-04 05:53:39 status unpacked linux-modules-7.0.0-1006-aws:amd64 7.0.0-1006.6
2026-06-04 05:53:39 install linux-image-7.0.0-1006-aws:amd64 <none> 7.0.0-1006.6
2026-06-04 05:53:39 status half-installed linux-image-7.0.0-1006-aws:amd64 7.0.0-1006.6
2026-06-04 05:53:40 status unpacked linux-image-7.0.0-1006-aws:amd64 7.0.0-1006.6
2026-06-04 05:53:40 install linux-main-modules-zfs-7.0.0-1006-aws:amd64 <none> 7.0.0-1006.6
2026-06-04 05:53:40 status half-installed linux-main-modules-zfs-7.0.0-1006-aws:amd64 7.0.0-1006.6
2026-06-04 05:53:40 status unpacked linux-main-modules-zfs-7.0.0-1006-aws:amd64 7.0.0-1006.6
2026-06-04 05:53:40 install amd64-microcode:amd64 <none> 3.20251202.1ubuntu2
2026-06-04 05:53:40 status half-installed amd64-microcode:amd64 3.20251202.1ubuntu2
2026-06-04 05:53:40 status unpacked amd64-microcode:amd64 3.20251202.1ubuntu2
2026-06-04 05:53:40 install intel-microcode:amd64 <none> 3.20260210.1ubuntu2
2026-06-04 05:53:40 status half-installed intel-microcode:amd64 3.20260210.1ubuntu2
2026-06-04 05:53:40 status unpacked intel-microcode:amd64 3.20260210.1ubuntu2
2026-06-04 05:53:40 install microcode-initrd:amd64 <none> 4ubuntu
2026-06-04 05:53:40 status half-installed microcode-initrd:amd64 4ubuntu
2026-06-04 05:53:40 status unpacked microcode-initrd:amd64 4ubuntu
2026-06-04 05:53:40 install linux-image-aws:amd64 <none> 7.0.0-1006.6
2026-06-04 05:53:40 status half-installed linux-image-aws:amd64 7.0.0-1006.6
2026-06-04 05:53:40 status unpacked linux-image-aws:amd64 7.0.0-1006.6
2026-06-04 05:53:40 install linux-aws-headers-7.0.0-1006:all <none> 7.0.0-1006.6
2026-06-04 05:53:40 status half-installed linux-aws-headers-7.0.0-1006:all 7.0.0-1006.6
2026-06-04 05:53:45 status unpacked linux-aws-headers-7.0.0-1006:all 7.0.0-1006.6
2026-06-04 05:53:45 install linux-headers-7.0.0-1006-aws:amd64 <none> 7.0.0-1006.6
2026-06-04 05:53:45 status half-installed linux-headers-7.0.0-1006-aws:amd64 7.0.0-1006.6
2026-06-04 05:53:47 status unpacked linux-headers-7.0.0-1006-aws:amd64 7.0.0-1006.6
2026-06-04 05:53:47 install linux-headers-aws:amd64 <none> 7.0.0-1006.6
2026-06-04 05:53:47 status half-installed linux-headers-aws:amd64 7.0.0-1006.6
2026-06-04 05:53:47 status unpacked linux-headers-aws:amd64 7.0.0-1006.6
2026-06-04 05:53:47 install linux-aws:amd64 <none> 7.0.0-1006.6
2026-06-04 05:53:47 status half-installed linux-aws:amd64 7.0.0-1006.6
2026-06-04 05:53:47 status unpacked linux-aws:amd64 7.0.0-1006.6
2026-06-04 05:53:47 install linux-tools-common:all <none> 7.0.0-22.22
2026-06-04 05:53:47 status half-installed linux-tools-common:all 7.0.0-22.22
2026-06-04 05:53:47 status unpacked linux-tools-common:all 7.0.0-22.22
2026-06-04 05:53:47 install linux-aws-tools-7.0.0-1006:amd64 <none> 7.0.0-1006.6
2026-06-04 05:53:47 status half-installed linux-aws-tools-7.0.0-1006:amd64 7.0.0-1006.6
2026-06-04 05:53:47 status unpacked linux-aws-tools-7.0.0-1006:amd64 7.0.0-1006.6
2026-06-04 05:53:47 install linux-perf:amd64 <none> 7.0.0-22.22
2026-06-04 05:53:47 status half-installed linux-perf:amd64 7.0.0-22.22
2026-06-04 05:53:47 status unpacked linux-perf:amd64 7.0.0-22.22
2026-06-04 05:53:47 install linux-tools-7.0.0-1006-aws:amd64 <none> 7.0.0-1006.6
2026-06-04 05:53:47 status half-installed linux-tools-7.0.0-1006-aws:amd64 7.0.0-1006.6
2026-06-04 05:53:47 status unpacked linux-tools-7.0.0-1006-aws:amd64 7.0.0-1006.6
2026-06-04 05:53:47 startup packages configure
2026-06-04 05:53:47 configure iucode-tool:amd64 2.3.1-3build2 <none>
2026-06-04 05:53:47 status unpacked iucode-tool:amd64 2.3.1-3build2
2026-06-04 05:53:47 status half-configured iucode-tool:amd64 2.3.1-3build2
2026-06-04 05:53:47 status installed iucode-tool:amd64 2.3.1-3build2
2026-06-04 05:53:47 configure intel-microcode:amd64 3.20260210.1ubuntu2 <none>
2026-06-04 05:53:47 status unpacked intel-microcode:amd64 3.20260210.1ubuntu2
2026-06-04 05:53:47 status half-configured intel-microcode:amd64 3.20260210.1ubuntu2
2026-06-04 05:53:47 status installed intel-microcode:amd64 3.20260210.1ubuntu2
2026-06-04 05:53:47 status triggers-pending dracut:all 110-11
2026-06-04 05:53:47 configure amd64-microcode:amd64 3.20251202.1ubuntu2 <none>
2026-06-04 05:53:47 status unpacked amd64-microcode:amd64 3.20251202.1ubuntu2
2026-06-04 05:53:47 status half-configured amd64-microcode:amd64 3.20251202.1ubuntu2
2026-06-04 05:53:47 status installed amd64-microcode:amd64 3.20251202.1ubuntu2
2026-06-04 05:53:47 configure linux-perf:amd64 7.0.0-22.22 <none>
2026-06-04 05:53:47 status unpacked linux-perf:amd64 7.0.0-22.22
2026-06-04 05:53:47 status half-configured linux-perf:amd64 7.0.0-22.22
2026-06-04 05:53:47 status installed linux-perf:amd64 7.0.0-22.22
2026-06-04 05:53:47 configure microcode-initrd:amd64 4ubuntu <none>
2026-06-04 05:53:47 status unpacked microcode-initrd:amd64 4ubuntu
2026-06-04 05:53:47 status half-configured microcode-initrd:amd64 4ubuntu
2026-06-04 05:53:48 status installed microcode-initrd:amd64 4ubuntu
2026-06-04 05:53:48 configure linux-aws-headers-7.0.0-1006:all 7.0.0-1006.6 <none>
2026-06-04 05:53:48 status unpacked linux-aws-headers-7.0.0-1006:all 7.0.0-1006.6
2026-06-04 05:53:48 status half-configured linux-aws-headers-7.0.0-1006:all 7.0.0-1006.6
2026-06-04 05:53:48 status installed linux-aws-headers-7.0.0-1006:all 7.0.0-1006.6
2026-06-04 05:53:48 configure linux-tools-common:all 7.0.0-22.22 <none>
2026-06-04 05:53:48 status unpacked linux-tools-common:all 7.0.0-22.22
2026-06-04 05:53:48 status half-configured linux-tools-common:all 7.0.0-22.22
2026-06-04 05:53:48 status installed linux-tools-common:all 7.0.0-22.22
2026-06-04 05:53:48 configure linux-headers-7.0.0-1006-aws:amd64 7.0.0-1006.6 <none>
2026-06-04 05:53:48 status unpacked linux-headers-7.0.0-1006-aws:amd64 7.0.0-1006.6
2026-06-04 05:53:48 status half-configured linux-headers-7.0.0-1006-aws:amd64 7.0.0-1006.6
2026-06-04 05:53:48 status installed linux-headers-7.0.0-1006-aws:amd64 7.0.0-1006.6
2026-06-04 05:53:48 configure linux-aws-tools-7.0.0-1006:amd64 7.0.0-1006.6 <none>
2026-06-04 05:53:48 status unpacked linux-aws-tools-7.0.0-1006:amd64 7.0.0-1006.6
2026-06-04 05:53:48 status half-configured linux-aws-tools-7.0.0-1006:amd64 7.0.0-1006.6
2026-06-04 05:53:48 status installed linux-aws-tools-7.0.0-1006:amd64 7.0.0-1006.6
2026-06-04 05:53:48 configure linux-tools-7.0.0-1006-aws:amd64 7.0.0-1006.6 <none>
2026-06-04 05:53:48 status unpacked linux-tools-7.0.0-1006-aws:amd64 7.0.0-1006.6
2026-06-04 05:53:48 status half-configured linux-tools-7.0.0-1006-aws:amd64 7.0.0-1006.6
2026-06-04 05:53:48 status installed linux-tools-7.0.0-1006-aws:amd64 7.0.0-1006.6
2026-06-04 05:53:48 configure linux-headers-aws:amd64 7.0.0-1006.6 <none>
2026-06-04 05:53:48 status unpacked linux-headers-aws:amd64 7.0.0-1006.6
2026-06-04 05:53:48 status half-configured linux-headers-aws:amd64 7.0.0-1006.6
2026-06-04 05:53:48 status installed linux-headers-aws:amd64 7.0.0-1006.6
2026-06-04 05:53:48 configure linux-image-7.0.0-1006-aws:amd64 7.0.0-1006.6 <none>
2026-06-04 05:53:48 status unpacked linux-image-7.0.0-1006-aws:amd64 7.0.0-1006.6
2026-06-04 05:53:48 status half-configured linux-image-7.0.0-1006-aws:amd64 7.0.0-1006.6
2026-06-04 05:53:50 status installed linux-image-7.0.0-1006-aws:amd64 7.0.0-1006.6
2026-06-04 05:53:50 status triggers-pending linux-image-7.0.0-1006-aws:amd64 7.0.0-1006.6
2026-06-04 05:53:50 configure linux-modules-7.0.0-1006-aws:amd64 7.0.0-1006.6 <none>
2026-06-04 05:53:50 status unpacked linux-modules-7.0.0-1006-aws:amd64 7.0.0-1006.6
2026-06-04 05:53:50 status half-configured linux-modules-7.0.0-1006-aws:amd64 7.0.0-1006.6
2026-06-04 05:53:52 status installed linux-modules-7.0.0-1006-aws:amd64 7.0.0-1006.6
2026-06-04 05:53:52 configure linux-main-modules-zfs-7.0.0-1006-aws:amd64 7.0.0-1006.6 <none>
2026-06-04 05:53:52 status unpacked linux-main-modules-zfs-7.0.0-1006-aws:amd64 7.0.0-1006.6
2026-06-04 05:53:52 status half-configured linux-main-modules-zfs-7.0.0-1006-aws:amd64 7.0.0-1006.6
2026-06-04 05:53:54 status installed linux-main-modules-zfs-7.0.0-1006-aws:amd64 7.0.0-1006.6
2026-06-04 05:53:54 configure linux-image-aws:amd64 7.0.0-1006.6 <none>
2026-06-04 05:53:54 status unpacked linux-image-aws:amd64 7.0.0-1006.6
2026-06-04 05:53:54 status half-configured linux-image-aws:amd64 7.0.0-1006.6
2026-06-04 05:53:54 status installed linux-image-aws:amd64 7.0.0-1006.6
2026-06-04 05:53:54 configure linux-aws:amd64 7.0.0-1006.6 <none>
2026-06-04 05:53:54 status unpacked linux-aws:amd64 7.0.0-1006.6
2026-06-04 05:53:54 status half-configured linux-aws:amd64 7.0.0-1006.6
2026-06-04 05:53:54 status installed linux-aws:amd64 7.0.0-1006.6
2026-06-04 05:53:54 trigproc man-db:amd64 2.13.1-1build1 <none>
2026-06-04 05:53:54 status half-configured man-db:amd64 2.13.1-1build1
2026-06-04 05:53:54 status installed man-db:amd64 2.13.1-1build1
2026-06-04 05:53:54 trigproc dracut:all 110-11 <none>
2026-06-04 05:53:54 status half-configured dracut:all 110-11
2026-06-04 05:53:54 status installed dracut:all 110-11
2026-06-04 05:53:54 trigproc linux-image-7.0.0-1006-aws:amd64 7.0.0-1006.6 <none>
2026-06-04 05:53:54 status half-configured linux-image-7.0.0-1006-aws:amd64 7.0.0-1006.6
2026-06-04 05:54:09 status installed linux-image-7.0.0-1006-aws:amd64 7.0.0-1006.6
2026-06-04 05:54:12 startup packages remove
2026-06-04 05:54:12 status installed libc-dev-bin:amd64 2.43-2ubuntu2
2026-06-04 05:54:12 remove libc-dev-bin:amd64 2.43-2ubuntu2 <none>
2026-06-04 05:54:12 status half-configured libc-dev-bin:amd64 2.43-2ubuntu2
2026-06-04 05:54:12 status half-installed libc-dev-bin:amd64 2.43-2ubuntu2
2026-06-04 05:54:12 status triggers-pending man-db:amd64 2.13.1-1build1
2026-06-04 05:54:12 status config-files libc-dev-bin:amd64 2.43-2ubuntu2
2026-06-04 05:54:12 status not-installed libc-dev-bin:amd64 <none>
2026-06-04 05:54:12 status installed manpages-dev:all 6.17-1
2026-06-04 05:54:12 remove manpages-dev:all 6.17-1 <none>
2026-06-04 05:54:12 status half-configured manpages-dev:all 6.17-1
2026-06-04 05:54:12 status half-installed manpages-dev:all 6.17-1
2026-06-04 05:54:12 status config-files manpages-dev:all 6.17-1
2026-06-04 05:54:12 status not-installed manpages-dev:all <none>
2026-06-04 05:54:12 status installed rpcsvc-proto:amd64 1.4.3-1build1
2026-06-04 05:54:12 remove rpcsvc-proto:amd64 1.4.3-1build1 <none>
2026-06-04 05:54:12 status half-configured rpcsvc-proto:amd64 1.4.3-1build1
2026-06-04 05:54:12 status half-installed rpcsvc-proto:amd64 1.4.3-1build1
2026-06-04 05:54:12 status config-files rpcsvc-proto:amd64 1.4.3-1build1
2026-06-04 05:54:12 status not-installed rpcsvc-proto:amd64 <none>
2026-06-04 05:54:12 status installed wireless-regdb:all 2026.02.04-0ubuntu1
2026-06-04 05:54:12 remove wireless-regdb:all 2026.02.04-0ubuntu1 <none>
2026-06-04 05:54:12 status half-configured wireless-regdb:all 2026.02.04-0ubuntu1
2026-06-04 05:54:12 status half-installed wireless-regdb:all 2026.02.04-0ubuntu1
2026-06-04 05:54:12 status config-files wireless-regdb:all 2026.02.04-0ubuntu1
2026-06-04 05:54:12 status not-installed wireless-regdb:all <none>
2026-06-04 05:54:12 startup packages configure
2026-06-04 05:54:12 trigproc man-db:amd64 2.13.1-1build1 <none>
2026-06-04 05:54:12 status half-configured man-db:amd64 2.13.1-1build1
2026-06-04 05:54:13 status installed man-db:amd64 2.13.1-1build1
2026-06-04 05:54:13 startup packages configure
2026-06-04 05:54:16 startup archives unpack
2026-06-04 05:54:16 install ec2-instance-connect:all <none> 1.1.17-0ubuntu2
2026-06-04 05:54:16 status half-installed ec2-instance-connect:all 1.1.17-0ubuntu2
2026-06-04 05:54:16 status unpacked ec2-instance-connect:all 1.1.17-0ubuntu2
2026-06-04 05:54:16 startup packages configure
2026-06-04 05:54:16 configure ec2-instance-connect:all 1.1.17-0ubuntu2 <none>
2026-06-04 05:54:16 status unpacked ec2-instance-connect:all 1.1.17-0ubuntu2
2026-06-04 05:54:16 status half-configured ec2-instance-connect:all 1.1.17-0ubuntu2
2026-06-04 05:54:16 status installed ec2-instance-connect:all 1.1.17-0ubuntu2
2026-06-04 05:54:19 startup archives unpack
2026-06-04 05:54:19 install acpid:amd64 <none> 1:2.0.34-1ubuntu3
2026-06-04 05:54:19 status half-installed acpid:amd64 1:2.0.34-1ubuntu3
2026-06-04 05:54:19 status triggers-pending man-db:amd64 2.13.1-1build1
2026-06-04 05:54:19 status unpacked acpid:amd64 1:2.0.34-1ubuntu3
2026-06-04 05:54:19 install ec2-hibinit-agent:all <none> 1.0.9-0ubuntu1
2026-06-04 05:54:19 status half-installed ec2-hibinit-agent:all 1.0.9-0ubuntu1
2026-06-04 05:54:20 status unpacked ec2-hibinit-agent:all 1.0.9-0ubuntu1
2026-06-04 05:54:20 startup packages configure
2026-06-04 05:54:20 configure acpid:amd64 1:2.0.34-1ubuntu3 <none>
2026-06-04 05:54:20 status unpacked acpid:amd64 1:2.0.34-1ubuntu3
2026-06-04 05:54:20 status half-configured acpid:amd64 1:2.0.34-1ubuntu3
2026-06-04 05:54:20 status installed acpid:amd64 1:2.0.34-1ubuntu3
2026-06-04 05:54:20 configure ec2-hibinit-agent:all 1.0.9-0ubuntu1 <none>
2026-06-04 05:54:20 status unpacked ec2-hibinit-agent:all 1.0.9-0ubuntu1
2026-06-04 05:54:20 status half-configured ec2-hibinit-agent:all 1.0.9-0ubuntu1
2026-06-04 05:54:20 status installed ec2-hibinit-agent:all 1.0.9-0ubuntu1
2026-06-04 05:54:20 trigproc man-db:amd64 2.13.1-1build1 <none>
2026-06-04 05:54:20 status half-configured man-db:amd64 2.13.1-1build1
2026-06-04 05:54:20 status installed man-db:amd64 2.13.1-1build1
2026-06-04 05:56:09 startup archives unpack
2026-06-04 05:56:10 install irqbalance:amd64 <none> 1.9.4-3
2026-06-04 05:56:10 status half-installed irqbalance:amd64 1.9.4-3
2026-06-04 05:56:10 status triggers-pending man-db:amd64 2.13.1-1build1
2026-06-04 05:56:10 status unpacked irqbalance:amd64 1.9.4-3
2026-06-04 05:56:10 startup packages configure
2026-06-04 05:56:10 configure irqbalance:amd64 1.9.4-3 <none>
2026-06-04 05:56:10 status unpacked irqbalance:amd64 1.9.4-3
2026-06-04 05:56:10 status half-configured irqbalance:amd64 1.9.4-3
2026-06-04 05:56:10 status installed irqbalance:amd64 1.9.4-3
2026-06-04 05:56:10 trigproc man-db:amd64 2.13.1-1build1 <none>
2026-06-04 05:56:10 status half-configured man-db:amd64 2.13.1-1build1
2026-06-04 05:56:10 status installed man-db:amd64 2.13.1-1build1
